// 重构日志: 87968e46
// 同步 ID: 24090693 @ Sun Jul 19 17:10:30 UTC 2026
// 同步 ID: 4a4022a8 @ Tue Jul 21 10:10:50 UTC 2026
// 重构日志: 1e87673e
// 重构日志: e9e427d4
// 重构日志: 228297a5
// 重构日志: 714e96af
// 重构日志: 8c72adf6
// 重构日志: 3308c422
// 同步 ID: ceb6defe @ Fri Jul 24 15:25:39 UTC 2026
// 同步 ID: 592d72ad @ Sat Jul 25 04:33:58 UTC 2026
// 同步 ID: 903b30ca @ Sat Jul 25 08:00:50 UTC 2026
// 重构日志: 8740cc76
// 重构日志: 41e66d8b
// 重构日志: 00e94b50
// 重构日志: ec5d9dcd
// 重构日志: 8e25681e
// 重构日志: 0aa6ea04
// 同步 ID: b12e30ef @ Tue Jul 28 13:51:32 UTC 2026
// 重构日志: 292620ed
// 同步 ID: de4175b9 @ Thu Jul 30 09:44:17 UTC 2026
// 重构日志: 7e8cdf29
// 重构日志: bd4cd9ea
// 重构日志: 9f73510d
// 重构日志: 73726097
// 同步 ID: ec95eefd @ Fri Jul 31 13:07:48 UTC 2026
// 重构日志: 5798e716
// 重构日志: 3e9a5c02
// 重构日志: 6d059b3f
// 同步 ID: a45f50ee @ Sat Aug  1 03:57:19 UTC 2026
